[themerail.com/html/edulearnhub/home_online_education.html]
[backblue.gif]
[fade.gif]
[index.html]
[themerail.com/html/edulearnhub/assets/css/bootstrap.min.css]
[themerail.com/html/edulearnhub/assets/css/font-awesome.min.css]
[themerail.com/html/edulearnhub/assets/css/themify-icons.css]
[themerail.com/html/edulearnhub/assets/css/owl.carousel.css]
[themerail.com/html/edulearnhub/assets/css/slick.css]
[themerail.com/html/edulearnhub/assets/css/plyr.css]
[themerail.com/html/edulearnhub/assets/css/magnific-popup.css]
[themerail.com/html/edulearnhub/css/style.css]
[themerail.com/html/edulearnhub/css/scheme/primary.css]
[themerail.com/html/edulearnhub/css/responsive.css]
[themerail.com/html/edulearnhub/images/favicon.png]
[themerail.com/html/edulearnhub/images/apple-touch-icon.png]
[themerail.com/html/edulearnhub/images/icon-72x72.png]
[themerail.com/html/edulearnhub/images/icon-114x114.png]
[themerail.com/html/edulearnhub/home_education_1.html]
[themerail.com/html/edulearnhub/images/logo-6.svg]
[themerail.com/html/edulearnhub/course_hub.html]
[themerail.com/html/edulearnhub/home_education_2.html]
[themerail.com/html/edulearnhub/home_elearning.html]
[themerail.com/html/edulearnhub/home_university.html]
[themerail.com/html/edulearnhub/home_university_classic.html]
[themerail.com/html/edulearnhub/home_language_school.html]
[themerail.com/html/edulearnhub/home_kindergarten_school.html]
[themerail.com/html/edulearnhub/home_course_hub.html]
[themerail.com/html/edulearnhub/home_course_single.html]
[themerail.com/html/edulearnhub/home_instructor.html]
[themerail.com/html/edulearnhub/about-us.html]
[themerail.com/html/edulearnhub/course.html]
[themerail.com/html/edulearnhub/course-single.html]
[themerail.com/html/edulearnhub/instructor-profile.html]
[themerail.com/html/edulearnhub/student-profile.html]
[themerail.com/html/edulearnhub/gallery.html]
[themerail.com/html/edulearnhub/gallery-mesonry.html]
[themerail.com/html/edulearnhub/lesson.html]
[themerail.com/html/edulearnhub/faq.html]
[themerail.com/html/edulearnhub/shop.html]
[themerail.com/html/edulearnhub/shop-single.html]
[themerail.com/html/edulearnhub/blog-1.html]
[themerail.com/html/edulearnhub/blog-2.html]
[themerail.com/html/edulearnhub/blog-3.html]
[themerail.com/html/edulearnhub/contact.html]
[themerail.com/html/edulearnhub/images/category/small-1.jpg]
[themerail.com/html/edulearnhub/images/category/small-2.jpg]
[themerail.com/html/edulearnhub/images/category/small-3.jpg]
[themerail.com/html/edulearnhub/images/category/small-4.jpg]
[themerail.com/html/edulearnhub/images/category/small-5.jpg]
[themerail.com/html/edulearnhub/images/category/small-6.jpg]
[themerail.com/html/edulearnhub/images/course/1.jpg]
[themerail.com/html/edulearnhub/images/instructor/small-1.jpg]
[themerail.com/html/edulearnhub/images/course/2.jpg]
[themerail.com/html/edulearnhub/images/instructor/small-2.jpg]
[themerail.com/html/edulearnhub/images/course/3.jpg]
[themerail.com/html/edulearnhub/images/instructor/small-3.jpg]
[themerail.com/html/edulearnhub/images/instructor/style-3-1.jpg]
[themerail.com/html/edulearnhub/instructor-single.html]
[themerail.com/html/edulearnhub/images/instructor/style-3-2.jpg]
[themerail.com/html/edulearnhub/images/instructor/style-3-3.jpg]
[themerail.com/html/edulearnhub/images/instructor/style-3-4.jpg]
[themerail.com/html/edulearnhub/images/logo-footer-3.png]
[themerail.com/html/edulearnhub/assets/js/imagesloaded.pkgd.min.js]
[themerail.com/html/edulearnhub/assets/js/bootstrap.min.js]
[themerail.com/html/edulearnhub/assets/js/jquery.min.js]
[themerail.com/html/edulearnhub/assets/js/visible.js]
[themerail.com/html/edulearnhub/assets/js/isotope.pkgd.min.js]
[themerail.com/html/edulearnhub/assets/js/owl.carousel.min.js]
[themerail.com/html/edulearnhub/assets/js/slick.min.js]
[themerail.com/html/edulearnhub/assets/js/plyr.js]
[themerail.com/html/edulearnhub/assets/js/jquery.countTo.js]
[themerail.com/html/edulearnhub/assets/js/jquery.countdown.min.js]
[themerail.com/html/edulearnhub/assets/js/jquery.magnific-popup.min.js]
[themerail.com/html/edulearnhub/assets/js/jquery.ajaxchimp.min.js]
[themerail.com/html/edulearnhub/js/custom.js]
[themerail.com/html/edulearnhub/home_online_education.html]
[themerail.com/html/edulearnhub/js/map.js]
[themerail.com/html/edulearnhub/assets/fonts/glyphicons-halflings-regular.eot]
[themerail.com/html/edulearnhub/assets/fonts/glyphicons-halflings-regulard41d.eot]
[themerail.com/html/edulearnhub/assets/fonts/glyphicons-halflings-regular.woff2]
[themerail.com/html/edulearnhub/assets/fonts/glyphicons-halflings-regular.woff]
[themerail.com/html/edulearnhub/assets/fonts/glyphicons-halflings-regular.ttf]
[themerail.com/html/edulearnhub/assets/css/bootstrap.min.css]
[themerail.com/html/edulearnhub/assets/fonts/glyphicons-halflings-regular.svg]
[themerail.com/html/edulearnhub/assets/fonts/fontawesome-webfont3e6e.eot]
[themerail.com/html/edulearnhub/assets/fonts/fontawesome-webfontd41d.eot]
[themerail.com/html/edulearnhub/assets/fonts/fontawesome-webfont3e6e.woff]
[themerail.com/html/edulearnhub/assets/fonts/fontawesome-webfont3e6e.woff2]
[themerail.com/html/edulearnhub/assets/fonts/fontawesome-webfont3e6e.ttf]
[themerail.com/html/edulearnhub/assets/fonts/fontawesome-webfont3e6e.svg]
[themerail.com/html/edulearnhub/assets/css/font-awesome.min.css]
[themerail.com/html/edulearnhub/assets/fonts/themify9f24.eot]
[themerail.com/html/edulearnhub/assets/fonts/themifyd41d.eot]
[themerail.com/html/edulearnhub/assets/fonts/themify9f24.woff]
[themerail.com/html/edulearnhub/assets/fonts/themify9f24.ttf]
[themerail.com/html/edulearnhub/assets/css/themify-icons.css]
[themerail.com/html/edulearnhub/assets/fonts/themify9f24.svg]
[themerail.com/html/edulearnhub/assets/img/grabbing.png]
[themerail.com/html/edulearnhub/assets/css/owl.carousel.css]
[themerail.com/html/edulearnhub/assets/css/slick.css]
[themerail.com/html/edulearnhub/assets/css/plyr.css]
[themerail.com/html/edulearnhub/assets/css/magnific-popup.css]
[themerail.com/html/edulearnhub/images/banner/1.jpg]
[themerail.com/html/edulearnhub/images/banner/2.jpg]
[themerail.com/html/edulearnhub/images/banner/3.jpg]
[themerail.com/html/edulearnhub/images/banner/4.jpg]
[themerail.com/html/edulearnhub/images/banner/5.jpg]
[themerail.com/html/edulearnhub/images/banner/6.jpg]
[themerail.com/html/edulearnhub/images/banner/7.jpg]
[themerail.com/html/edulearnhub/images/banner/9.jpg]
[themerail.com/html/edulearnhub/images/banner/11.jpg]
[themerail.com/html/edulearnhub/images/banner/12.jpg]
[themerail.com/html/edulearnhub/images/banner/13.jpg]
[themerail.com/html/edulearnhub/images/banner/8.jpg]
[themerail.com/html/edulearnhub/images/banner/10.jpg]
[themerail.com/html/edulearnhub/images/bg/1.jpg]
[themerail.com/html/edulearnhub/images/bg/2.jpg]
[themerail.com/html/edulearnhub/images/bg/3.jpg]
[themerail.com/html/edulearnhub/images/bg/4.jpg]
[themerail.com/html/edulearnhub/images/bg/5.jpg]
[themerail.com/html/edulearnhub/images/bg/6.jpg]
[themerail.com/html/edulearnhub/images/bg/7.jpg]
[themerail.com/html/edulearnhub/images/bg/8.jpg]
[themerail.com/html/edulearnhub/images/bg/9.jpg]
[themerail.com/html/edulearnhub/images/bg/10.jpg]
[themerail.com/html/edulearnhub/images/bg/11.jpg]
[themerail.com/html/edulearnhub/images/bg/12.jpg]
[themerail.com/html/edulearnhub/images/bg/13.jpg]
[themerail.com/html/edulearnhub/images/bg/14.jpg]
[themerail.com/html/edulearnhub/images/bg/15.jpg]
[themerail.com/html/edulearnhub/images/bg/17.jpg]
[themerail.com/html/edulearnhub/images/bg/16.jpg]
[themerail.com/html/edulearnhub/css/style.css]
[themerail.com/html/edulearnhub/css/scheme/primary.css]
[themerail.com/html/edulearnhub/css/responsive.css]
[themerail.com/html/edulearnhub/css/scheme/orange.css]
[themerail.com/html/edulearnhub/images/logo-2.svg]
[themerail.com/html/edulearnhub/images/icons/book.png]
[themerail.com/html/edulearnhub/images/icons/graduation-cap.png]
[themerail.com/html/edulearnhub/images/icons/certificate.png]
[themerail.com/html/edulearnhub/images/instructor/large-1.jpg]
[themerail.com/html/edulearnhub/images/instructor/large-2.jpg]
[themerail.com/html/edulearnhub/images/instructor/large-3.jpg]
[themerail.com/html/edulearnhub/images/client/avatar-1.jpg]
[themerail.com/html/edulearnhub/images/client/avatar-2.jpg]
[themerail.com/html/edulearnhub/images/client/avatar-3.jpg]
[themerail.com/html/edulearnhub/blog-single.html]
[themerail.com/html/edulearnhub/images/blog/medium-1.jpg]
[themerail.com/html/edulearnhub/images/blog/medium-2.jpg]
[themerail.com/html/edulearnhub/images/blog/medium-3.jpg]
[themerail.com/html/edulearnhub/images/partner/1.png]
[themerail.com/html/edulearnhub/images/partner/2.png]
[themerail.com/html/edulearnhub/images/partner/3.png]
[themerail.com/html/edulearnhub/images/partner/4.png]
[themerail.com/html/edulearnhub/images/partner/5.png]
[themerail.com/html/edulearnhub/images/logo-footer-2.png]
[themerail.com/html/edulearnhub/home_education_1.html]
[themerail.com/html/edulearnhub/images/logo-6.svg]
[themerail.com/html/edulearnhub/course_hub.html]
[themerail.com/html/edulearnhub/signup.html]
[themerail.com/html/edulearnhub/images/logo-1.svg]
[themerail.com/html/edulearnhub/images/bg/infobox-1.jpg]
[themerail.com/html/edulearnhub/images/icons/book-white.png]
[themerail.com/html/edulearnhub/images/bg/infobox-2.jpg]
[themerail.com/html/edulearnhub/images/icons/graduation-cap-white.png]
[themerail.com/html/edulearnhub/images/bg/infobox-3.jpg]
[themerail.com/html/edulearnhub/images/icons/certificate-white.png]
[themerail.com/html/edulearnhub/event.html]
[themerail.com/html/edulearnhub/blog.html]
[themerail.com/html/edulearnhub/testimonial.html]
[themerail.com/html/edulearnhub/images/instructor/cover-1.jpg]
[themerail.com/html/edulearnhub/images/instructor/cover-pic-1.jpg]
[themerail.com/html/edulearnhub/images/instructor/cover-2.jpg]
[themerail.com/html/edulearnhub/images/instructor/cover-pic-2.jpg]
[themerail.com/html/edulearnhub/images/instructor/cover-3.jpg]
[themerail.com/html/edulearnhub/images/instructor/cover-pic-3.jpg]
[themerail.com/html/edulearnhub/home_education_2.html]
[themerail.com/html/edulearnhub/css/scheme/yellow.css]
[themerail.com/html/edulearnhub/images/logo-3.svg]
[themerail.com/html/edulearnhub/images/icons/book-yellow.png]
[themerail.com/html/edulearnhub/images/icons/graduation-cap-yellow.png]
[themerail.com/html/edulearnhub/images/icons/certificate-yellow.png]
[themerail.com/html/edulearnhub/images/course/4.jpg]
[themerail.com/html/edulearnhub/images/course/5.jpg]
[themerail.com/html/edulearnhub/images/course/6.jpg]
[themerail.com/html/edulearnhub/images/partner/style-2-1.png]
[themerail.com/html/edulearnhub/images/partner/style-2-2.png]
[themerail.com/html/edulearnhub/images/partner/style-2-3.png]
[themerail.com/html/edulearnhub/images/partner/style-2-4.png]
[themerail.com/html/edulearnhub/images/partner/style-2-5.png]
[themerail.com/html/edulearnhub/images/partner/style-2-6.png]
[themerail.com/html/edulearnhub/images/logo-footer-4.png]
[themerail.com/html/edulearnhub/home_elearning.html]
[themerail.com/html/edulearnhub/images/logo-8.svg]
[themerail.com/html/edulearnhub/images/event/small-1.jpg]
[themerail.com/html/edulearnhub/images/event/small-2.jpg]
[themerail.com/html/edulearnhub/images/event/small-3.jpg]
[themerail.com/html/edulearnhub/images/event/small-4.jpg]
[themerail.com/html/edulearnhub/images/campus/1.jpg]
[themerail.com/html/edulearnhub/images/campus/2.jpg]
[themerail.com/html/edulearnhub/images/campus/3.jpg]
[themerail.com/html/edulearnhub/images/gallery/small-1.jpg]
[themerail.com/html/edulearnhub/images/gallery/magnific-1.jpg]
[themerail.com/html/edulearnhub/images/gallery/small-2.jpg]
[themerail.com/html/edulearnhub/images/gallery/magnific-2.jpg]
[themerail.com/html/edulearnhub/images/gallery/small-3.jpg]
[themerail.com/html/edulearnhub/images/gallery/magnific-3.jpg]
[themerail.com/html/edulearnhub/images/gallery/small-4.jpg]
[themerail.com/html/edulearnhub/images/gallery/magnific-4.jpg]
[themerail.com/html/edulearnhub/images/gallery/small-5.jpg]
[themerail.com/html/edulearnhub/images/gallery/magnific-5.jpg]
[themerail.com/html/edulearnhub/images/gallery/small-6.jpg]
[themerail.com/html/edulearnhub/images/gallery/magnific-6.jpg]
[themerail.com/html/edulearnhub/images/gallery/small-7.jpg]
[themerail.com/html/edulearnhub/images/gallery/magnific-7.jpg]
[themerail.com/html/edulearnhub/images/gallery/small-8.jpg]
[themerail.com/html/edulearnhub/images/gallery/magnific-8.jpg]
[themerail.com/html/edulearnhub/images/gallery/small-9.jpg]
[themerail.com/html/edulearnhub/images/gallery/magnific-9.jpg]
[themerail.com/html/edulearnhub/images/gallery/small-10.jpg]
[themerail.com/html/edulearnhub/images/gallery/magnific-10.jpg]
[themerail.com/html/edulearnhub/images/gallery/small-11.jpg]
[themerail.com/html/edulearnhub/images/gallery/magnific-11.jpg]
[themerail.com/html/edulearnhub/images/gallery/small-12.jpg]
[themerail.com/html/edulearnhub/images/gallery/magnific-12.jpg]
[themerail.com/html/edulearnhub/images/instructor/medium-1.jpg]
[themerail.com/html/edulearnhub/images/bg/join-us.jpg]
[themerail.com/html/edulearnhub/images/partner/style-3-1.png]
[themerail.com/html/edulearnhub/images/partner/style-3-2.png]
[themerail.com/html/edulearnhub/images/partner/style-3-3.png]
[themerail.com/html/edulearnhub/images/partner/style-3-4.png]
[themerail.com/html/edulearnhub/images/partner/style-3-5.png]
[themerail.com/html/edulearnhub/images/partner/style-3-6.png]
[themerail.com/html/edulearnhub/images/flickr/1.jpg]
[themerail.com/html/edulearnhub/images/flickr/2.jpg]
[themerail.com/html/edulearnhub/images/flickr/3.jpg]
[themerail.com/html/edulearnhub/images/flickr/4.jpg]
[themerail.com/html/edulearnhub/images/flickr/5.jpg]
[themerail.com/html/edulearnhub/images/flickr/6.jpg]
[themerail.com/html/edulearnhub/images/flickr/7.jpg]
[themerail.com/html/edulearnhub/images/flickr/8.jpg]
[themerail.com/html/edulearnhub/images/flickr/9.jpg]
[themerail.com/html/edulearnhub/home_university.html]
[themerail.com/html/edulearnhub/images/logo-9.svg]
[themerail.com/html/edulearnhub/images/gallery/1.jpg]
[themerail.com/html/edulearnhub/images/gallery/2.jpg]
[themerail.com/html/edulearnhub/images/gallery/3.jpg]
[themerail.com/html/edulearnhub/images/gallery/4.jpg]
[themerail.com/html/edulearnhub/images/gallery/5.jpg]
[themerail.com/html/edulearnhub/images/gallery/6.jpg]
[themerail.com/html/edulearnhub/home_university_classic.html]
[themerail.com/html/edulearnhub/images/course/small-1.jpg]
[themerail.com/html/edulearnhub/images/course/small-2.jpg]
[themerail.com/html/edulearnhub/images/course/small-3.jpg]
[themerail.com/html/edulearnhub/images/course/small-4.jpg]
[themerail.com/html/edulearnhub/images/flag/uk.jpg]
[themerail.com/html/edulearnhub/images/flag/italy.jpg]
[themerail.com/html/edulearnhub/images/flag/german.jpg]
[themerail.com/html/edulearnhub/images/flag/japan.jpg]
[themerail.com/html/edulearnhub/images/flag/spain.jpg]
[themerail.com/html/edulearnhub/images/flag/portuguese.jpg]
[themerail.com/html/edulearnhub/images/book/1.png]
[themerail.com/html/edulearnhub/images/book/2.png]
[themerail.com/html/edulearnhub/images/book/3.png]
[themerail.com/html/edulearnhub/images/book/4.png]
[themerail.com/html/edulearnhub/home_language_school.html]
[themerail.com/html/edulearnhub/css/scheme/pink.css]
[themerail.com/html/edulearnhub/images/logo-4.svg]
[themerail.com/html/edulearnhub/images/icons/tools.png]
[themerail.com/html/edulearnhub/images/icons/number-game.png]
[themerail.com/html/edulearnhub/images/facility/1.jpg]
[themerail.com/html/edulearnhub/images/facility/2.jpg]
[themerail.com/html/edulearnhub/images/facility/3.jpg]
[themerail.com/html/edulearnhub/images/facility/4.jpg]
[themerail.com/html/edulearnhub/images/facility/5.jpg]
[themerail.com/html/edulearnhub/images/facility/6.jpg]
[themerail.com/html/edulearnhub/images/facility/7.jpg]
[themerail.com/html/edulearnhub/images/facility/8.jpg]
[themerail.com/html/edulearnhub/images/class/1.jpg]
[themerail.com/html/edulearnhub/images/class/2.jpg]
[themerail.com/html/edulearnhub/images/class/3.jpg]
[themerail.com/html/edulearnhub/images/blog/medium-4.jpg]
[themerail.com/html/edulearnhub/images/blog/medium-5.jpg]
[themerail.com/html/edulearnhub/images/blog/medium-6.jpg]
[themerail.com/html/edulearnhub/images/gallery/big-13.jpg]
[themerail.com/html/edulearnhub/images/gallery/13.jpg]
[themerail.com/html/edulearnhub/images/gallery/big-14.jpg]
[themerail.com/html/edulearnhub/images/gallery/14.jpg]
[themerail.com/html/edulearnhub/images/gallery/big-15.jpg]
[themerail.com/html/edulearnhub/images/gallery/15.jpg]
[themerail.com/html/edulearnhub/images/gallery/big-16.jpg]
[themerail.com/html/edulearnhub/images/gallery/16.jpg]
[themerail.com/html/edulearnhub/images/gallery/big-17.jpg]
[themerail.com/html/edulearnhub/images/gallery/17.jpg]
[themerail.com/html/edulearnhub/kindergarten_school.html]
[themerail.com/html/edulearnhub/images/logo-footer-5.png]
[themerail.com/html/edulearnhub/home_kindergarten_school.html]
[themerail.com/html/edulearnhub/assets/css/owl.transitions.css]
[themerail.com/html/edulearnhub/images/category/medium-1.jpg]
[themerail.com/html/edulearnhub/images/category/large-1.jpg]
[themerail.com/html/edulearnhub/images/category/medium-2.jpg]
[themerail.com/html/edulearnhub/images/category/medium-3.jpg]
[themerail.com/html/edulearnhub/images/category/medium-4.jpg]
[themerail.com/html/edulearnhub/images/logo-footer.png]
[themerail.com/html/edulearnhub/home_course_hub.html]
[themerail.com/html/edulearnhub/css/scheme/green.css]
[themerail.com/html/edulearnhub/images/logo-7.svg]
[themerail.com/html/edulearnhub/images/icons/book-green.png]
[themerail.com/html/edulearnhub/images/icons/graduation-cap-green.png]
[themerail.com/html/edulearnhub/images/icons/certificate-green.png]
[themerail.com/html/edulearnhub/images/icons/book-green-small.png]
[themerail.com/html/edulearnhub/images/logo-footer-7.png]
[themerail.com/html/edulearnhub/home_course_single.html]
[themerail.com/html/edulearnhub/images/logo-5.svg]
[themerail.com/html/edulearnhub/images/instructor/sign-1.png]
[themerail.com/html/edulearnhub/images/icons/book-blue-small.png]
[themerail.com/html/edulearnhub/images/logo-footer-6.png]
[themerail.com/html/edulearnhub/home_instructor.html]
[themerail.com/html/edulearnhub/images/icons/book-blue.png]
[themerail.com/html/edulearnhub/images/icons/graduation-cap-blue.png]
[themerail.com/html/edulearnhub/images/icons/certificate-blue.png]
[themerail.com/html/edulearnhub/about-us.html]
[themerail.com/html/edulearnhub/images/blog/s1.jpg]
[themerail.com/html/edulearnhub/images/blog/s2.jpg]
[themerail.com/html/edulearnhub/images/blog/s3.jpg]
[themerail.com/html/edulearnhub/course.html]
[themerail.com/html/edulearnhub/images/instructor/small-4.jpg]
[themerail.com/html/edulearnhub/images/course/course-coupon.jpg]
[themerail.com/html/edulearnhub/lesson-single.html]
[themerail.com/html/edulearnhub/images/course/single-course-instructor-1.jpg]
[themerail.com/html/edulearnhub/images/course/single-course-instructor-2.jpg]
[themerail.com/html/edulearnhub/images/course/course-reviewer-thumb.jpg]
[themerail.com/html/edulearnhub/course-single.html]
[themerail.com/html/edulearnhub/instructor-profile.html]
[themerail.com/html/edulearnhub/images/student/large-1.jpg]
[themerail.com/html/edulearnhub/student-profile.html]
[themerail.com/html/edulearnhub/gallery.html]
[themerail.com/html/edulearnhub/images/gallery/mesonry-1.jpg]
[themerail.com/html/edulearnhub/images/gallery/mesonry-2.jpg]
[themerail.com/html/edulearnhub/images/gallery/mesonry-3.jpg]
[themerail.com/html/edulearnhub/images/gallery/mesonry-4.jpg]
[themerail.com/html/edulearnhub/images/gallery/mesonry-5.jpg]
[themerail.com/html/edulearnhub/images/gallery/mesonry-6.jpg]
[themerail.com/html/edulearnhub/images/gallery/mesonry-7.jpg]
[themerail.com/html/edulearnhub/images/gallery/mesonry-8.jpg]
[themerail.com/html/edulearnhub/images/gallery/mesonry-9.jpg]
[themerail.com/html/edulearnhub/gallery-mesonry.html]
[themerail.com/html/edulearnhub/course-single-2.html]
[themerail.com/html/edulearnhub/lesson.html]
[themerail.com/html/edulearnhub/faq.html]
[themerail.com/html/edulearnhub/images/shop/1.jpg]
[themerail.com/html/edulearnhub/images/shop/2.jpg]
[themerail.com/html/edulearnhub/images/shop/3.jpg]
[themerail.com/html/edulearnhub/images/shop/4.jpg]
[themerail.com/html/edulearnhub/images/shop/5.jpg]
[themerail.com/html/edulearnhub/images/shop/6.jpg]
[themerail.com/html/edulearnhub/shop.html]
[themerail.com/html/edulearnhub/images/shop/single-1.jpg]
[themerail.com/html/edulearnhub/images/shop/single-2.jpg]
[themerail.com/html/edulearnhub/images/shop/single-3.jpg]
[themerail.com/html/edulearnhub/shop-single.html]
[themerail.com/html/edulearnhub/images/blog/medium-7.jpg]
[themerail.com/html/edulearnhub/images/blog/medium-8.jpg]
[themerail.com/html/edulearnhub/images/blog/medium-9.jpg]
[themerail.com/html/edulearnhub/blog-1.html]
[themerail.com/html/edulearnhub/blog-2.html]
[themerail.com/html/edulearnhub/images/blog/large-1.jpg]
[themerail.com/html/edulearnhub/images/blog/large-2.jpg]
[themerail.com/html/edulearnhub/images/blog/large-3.jpg]
[themerail.com/html/edulearnhub/blog-3.html]
[themerail.com/html/edulearnhub/images/icons/address-book-blue.png]
[themerail.com/html/edulearnhub/images/icons/phone-blue.png]
[themerail.com/html/edulearnhub/images/icons/envelope-blue.png]
[themerail.com/html/edulearnhub/contact.html]
[themerail.com/html/edulearnhub/instructor-single.html]
[themerail.com/html/edulearnhub/assets/fonts/glyphicons-halflings-regular.svg]
[themerail.com/html/edulearnhub/assets/fonts/fontawesome-webfont3e6e.svg]
[themerail.com/html/edulearnhub/assets/fonts/themify9f24.svg]
[themerail.com/html/edulearnhub/images/banner/1.jpg]
[themerail.com/html/edulearnhub/images/banner/2.jpg]
[themerail.com/html/edulearnhub/images/banner/3.jpg]
[themerail.com/html/edulearnhub/images/banner/6.jpg]
[themerail.com/html/edulearnhub/images/banner/7.jpg]
[themerail.com/html/edulearnhub/images/banner/9.jpg]
[themerail.com/html/edulearnhub/images/banner/12.jpg]
[themerail.com/html/edulearnhub/images/bg/3.jpg]
[themerail.com/html/edulearnhub/images/bg/7.jpg]
[themerail.com/html/edulearnhub/images/bg/9.jpg]
[themerail.com/html/edulearnhub/images/bg/10.jpg]
[themerail.com/html/edulearnhub/images/bg/14.jpg]
[themerail.com/html/edulearnhub/images/bg/17.jpg]
[themerail.com/html/edulearnhub/css/scheme/orange.css]
[themerail.com/html/edulearnhub/images/logo-2.svg]
[themerail.com/html/edulearnhub/blog-single.html]
[themerail.com/html/edulearnhub/signup.html]
[themerail.com/html/edulearnhub/images/logo-1.svg]
[themerail.com/html/edulearnhub/event.html]
[themerail.com/html/edulearnhub/blog.html]
[themerail.com/html/edulearnhub/testimonial.html]
[themerail.com/html/edulearnhub/css/scheme/yellow.css]
[themerail.com/html/edulearnhub/images/logo-3.svg]
[themerail.com/html/edulearnhub/images/logo-8.svg]
[themerail.com/html/edulearnhub/images/bg/join-us.jpg]
[themerail.com/html/edulearnhub/images/logo-9.svg]
[themerail.com/html/edulearnhub/css/scheme/pink.css]
[themerail.com/html/edulearnhub/images/logo-4.svg]
[themerail.com/html/edulearnhub/kindergarten_school.html]
[themerail.com/html/edulearnhub/assets/css/owl.transitions.css]
[themerail.com/html/edulearnhub/css/scheme/green.css]
[themerail.com/html/edulearnhub/images/logo-7.svg]
[themerail.com/html/edulearnhub/images/logo-5.svg]
[themerail.com/html/edulearnhub/lesson-single.html]
[themerail.com/html/edulearnhub/course-single-2.html]
[themerail.com/html/edulearnhub/images/banner/1.jpg]
[themerail.com/html/edulearnhub/images/banner/7.jpg]
[themerail.com/html/edulearnhub/images/banner/2.jpg]
[themerail.com/html/edulearnhub/images/banner/3.jpg]
[themerail.com/html/edulearnhub/images/banner/9.jpg]
[themerail.com/html/edulearnhub/images/banner/12.jpg]
[themerail.com/html/edulearnhub/images/bg/3.jpg]
[themerail.com/html/edulearnhub/images/bg/7.jpg]
[themerail.com/html/edulearnhub/images/bg/9.jpg]
[themerail.com/html/edulearnhub/images/bg/10.jpg]
[themerail.com/html/edulearnhub/images/bg/17.jpg]
[themerail.com/html/edulearnhub/images/bg/join-us.jpg]
